[2026-03-24T12:54:36Z] Starting orchestrator in /home/c/Documents/code/corkysoft
[2026-03-24T12:54:36Z] Project complete.
[2026-03-24T12:59:32Z] Starting orchestrator in /home/c/Documents/code/corkysoft
[2026-03-24T12:59:32Z] Running skill: long-running-development
[2026-03-24T13:00:02Z] Skill still running after 30s: long-running-development
[2026-03-24T13:00:13Z] Skill finished with exit code 1: long-running-development
[2026-03-24T13:01:57Z] Starting orchestrator in /home/c/Documents/code/corkysoft
[2026-03-24T13:01:57Z] Running skill: long-running-development
[2026-03-24T13:02:28Z] Skill still running after 30s: long-running-development
[2026-03-24T13:02:59Z] Skill still running after 61s: long-running-development
[2026-03-24T13:03:29Z] Skill still running after 91s: long-running-development
[2026-03-24T13:03:59Z] Skill still running after 121s: long-running-development
[2026-03-24T13:04:30Z] Skill still running after 152s: long-running-development
[2026-03-24T13:05:00Z] Skill still running after 182s: long-running-development
[2026-03-24T13:05:31Z] Skill still running after 213s: long-running-development
[2026-03-24T13:06:02Z] Skill still running after 244s: long-running-development
[2026-03-24T13:06:32Z] Skill still running after 275s: long-running-development
[2026-03-24T13:07:03Z] Skill still running after 305s: long-running-development
[2026-03-24T13:07:33Z] Skill still running after 335s: long-running-development
[2026-03-24T13:08:04Z] Skill still running after 366s: long-running-development
[2026-03-24T13:08:34Z] Skill still running after 396s: long-running-development
[2026-03-24T13:09:05Z] Skill still running after 427s: long-running-development
[2026-03-24T13:09:35Z] Skill still running after 457s: long-running-development
[2026-03-24T13:10:06Z] Skill still running after 488s: long-running-development
[2026-03-24T13:10:36Z] Skill still running after 518s: long-running-development
[2026-03-24T13:11:07Z] Skill still running after 549s: long-running-development
[2026-03-24T13:11:37Z] Skill still running after 580s: long-running-development
[2026-03-24T13:12:08Z] Skill still running after 610s: long-running-development
[2026-03-24T13:12:25Z] Starting orchestrator in /home/c/Documents/code/corkysoft
[2026-03-24T13:12:25Z] Project complete.
